// Jest Snapshot v1, https://goo.gl/fbAQLP

exports[`CommandLineParameter allows an undocumented synonym 1`] = `
Array [
  "### --choice output: ###",
  "--choice",
  "one",
  "### --choice-with-default output: ###",
  "--choice-with-default",
  "two",
  "### --flag output: ###",
  "--flag",
  "### --integer output: ###",
  "--integer",
  "111",
  "### --integer-with-default output: ###",
  "--integer-with-default",
  "222",
  "### --integer-required output: ###",
  "--integer-required",
  "6",
  "### --string output: ###",
  "--string",
  "Hello, world!",
  "### --string-with-default output: ###",
  "--string-with-default",
  "Hello, world!",
  "### --string-with-undocumented-synonym output: ###",
  "--string-with-undocumented-synonym",
  "undocumented-value",
  "### --string-list output: ###",
  "--string-list",
  "simple text",
]
`;

exports[`CommandLineParameter parses an input with ALL parameters 1`] = `
Object {
  "argumentName": undefined,
  "defaultValue": undefined,
  "description": "A flag that affects all actions",
  "environmentVariable": undefined,
  "kind": 1,
  "longName": "--global-flag",
  "required": false,
  "shortName": "-g",
  "value": true,
  "values": undefined,
}
`;

exports[`CommandLineParameter parses an input with ALL parameters 2`] = `
Object {
  "argumentName": undefined,
  "defaultValue": undefined,
  "description": "A choice",
  "environmentVariable": "ENV_CHOICE",
  "kind": 0,
  "longName": "--choice",
  "required": false,
  "shortName": "-c",
  "value": "two",
  "values": undefined,
}
`;

exports[`CommandLineParameter parses an input with ALL parameters 3`] = `
Object {
  "argumentName": undefined,
  "defaultValue": "default",
  "description": "A choice with a default. This description ends with a \\"quoted word\\"",
  "environmentVariable": "ENV_CHOICE2",
  "kind": 0,
  "longName": "--choice-with-default",
  "required": false,
  "shortName": undefined,
  "value": "default",
  "values": undefined,
}
`;

exports[`CommandLineParameter parses an input with ALL parameters 4`] = `
Object {
  "argumentName": undefined,
  "defaultValue": undefined,
  "description": "A flag",
  "environmentVariable": "ENV_FLAG",
  "kind": 1,
  "longName": "--flag",
  "required": false,
  "shortName": "-f",
  "value": true,
  "values": undefined,
}
`;

exports[`CommandLineParameter parses an input with ALL parameters 5`] = `
Object {
  "argumentName": "NUMBER",
  "defaultValue": undefined,
  "description": "An integer",
  "environmentVariable": "ENV_INTEGER",
  "kind": 2,
  "longName": "--integer",
  "required": false,
  "shortName": "-i",
  "value": 123,
  "values": undefined,
}
`;

exports[`CommandLineParameter parses an input with ALL parameters 6`] = `
Object {
  "argumentName": "NUMBER",
  "defaultValue": 123,
  "description": "An integer with a default",
  "environmentVariable": "ENV_INTEGER2",
  "kind": 2,
  "longName": "--integer-with-default",
  "required": false,
  "shortName": undefined,
  "value": 123,
  "values": undefined,
}
`;

exports[`CommandLineParameter parses an input with ALL parameters 7`] = `
Object {
  "argumentName": "NUMBER",
  "defaultValue": undefined,
  "description": "An integer",
  "environmentVariable": undefined,
  "kind": 2,
  "longName": "--integer-required",
  "required": true,
  "shortName": undefined,
  "value": 321,
  "values": undefined,
}
`;

exports[`CommandLineParameter parses an input with ALL parameters 8`] = `
Object {
  "argumentName": "TEXT",
  "defaultValue": undefined,
  "description": "A string",
  "environmentVariable": "ENV_STRING",
  "kind": 3,
  "longName": "--string",
  "required": false,
  "shortName": "-s",
  "value": "hello",
  "values": undefined,
}
`;

exports[`CommandLineParameter parses an input with ALL parameters 9`] = `
Object {
  "argumentName": "TEXT",
  "defaultValue": "123",
  "description": "A string with a default",
  "environmentVariable": "ENV_STRING2",
  "kind": 3,
  "longName": "--string-with-default",
  "required": false,
  "shortName": undefined,
  "value": "123",
  "values": undefined,
}
`;

exports[`CommandLineParameter parses an input with ALL parameters 10`] = `
Object {
  "argumentName": "LIST_ITEM",
  "defaultValue": undefined,
  "description": "This parameter be specified multiple times to make a list of strings",
  "environmentVariable": "ENV_STRING_LIST",
  "kind": 4,
  "longName": "--string-list",
  "required": false,
  "shortName": "-l",
  "value": undefined,
  "values": Array [
    "first",
    "second",
  ],
}
`;

exports[`CommandLineParameter parses an input with ALL parameters 11`] = `
Array [
  "### --choice output: ###",
  "--choice",
  "two",
  "### --choice-with-default output: ###",
  "--choice-with-default",
  "default",
  "### --flag output: ###",
  "--flag",
  "### --integer output: ###",
  "--integer",
  "123",
  "### --integer-with-default output: ###",
  "--integer-with-default",
  "123",
  "### --integer-required output: ###",
  "--integer-required",
  "321",
  "### --string output: ###",
  "--string",
  "hello",
  "### --string-with-default output: ###",
  "--string-with-default",
  "123",
  "### --string-with-undocumented-synonym output: ###",
  "### --string-list output: ###",
  "--string-list",
  "first",
  "--string-list",
  "second",
]
`;

exports[`CommandLineParameter parses an input with NO parameters 1`] = `
Object {
  "argumentName": undefined,
  "defaultValue": undefined,
  "description": "A flag that affects all actions",
  "environmentVariable": undefined,
  "kind": 1,
  "longName": "--global-flag",
  "required": false,
  "shortName": "-g",
  "value": false,
  "values": undefined,
}
`;

exports[`CommandLineParameter parses an input with NO parameters 2`] = `
Object {
  "argumentName": undefined,
  "defaultValue": undefined,
  "description": "A choice",
  "environmentVariable": "ENV_CHOICE",
  "kind": 0,
  "longName": "--choice",
  "required": false,
  "shortName": "-c",
  "value": undefined,
  "values": undefined,
}
`;

exports[`CommandLineParameter parses an input with NO parameters 3`] = `
Object {
  "argumentName": undefined,
  "defaultValue": "default",
  "description": "A choice with a default. This description ends with a \\"quoted word\\"",
  "environmentVariable": "ENV_CHOICE2",
  "kind": 0,
  "longName": "--choice-with-default",
  "required": false,
  "shortName": undefined,
  "value": "default",
  "values": undefined,
}
`;

exports[`CommandLineParameter parses an input with NO parameters 4`] = `
Object {
  "argumentName": undefined,
  "defaultValue": undefined,
  "description": "A flag",
  "environmentVariable": "ENV_FLAG",
  "kind": 1,
  "longName": "--flag",
  "required": false,
  "shortName": "-f",
  "value": false,
  "values": undefined,
}
`;

exports[`CommandLineParameter parses an input with NO parameters 5`] = `
Object {
  "argumentName": "NUMBER",
  "defaultValue": undefined,
  "description": "An integer",
  "environmentVariable": "ENV_INTEGER",
  "kind": 2,
  "longName": "--integer",
  "required": false,
  "shortName": "-i",
  "value": undefined,
  "values": undefined,
}
`;

exports[`CommandLineParameter parses an input with NO parameters 6`] = `
Object {
  "argumentName": "NUMBER",
  "defaultValue": 123,
  "description": "An integer with a default",
  "environmentVariable": "ENV_INTEGER2",
  "kind": 2,
  "longName": "--integer-with-default",
  "required": false,
  "shortName": undefined,
  "value": 123,
  "values": undefined,
}
`;

exports[`CommandLineParameter parses an input with NO parameters 7`] = `
Object {
  "argumentName": "NUMBER",
  "defaultValue": undefined,
  "description": "An integer",
  "environmentVariable": undefined,
  "kind": 2,
  "longName": "--integer-required",
  "required": true,
  "shortName": undefined,
  "value": 123,
  "values": undefined,
}
`;

exports[`CommandLineParameter parses an input with NO parameters 8`] = `
Object {
  "argumentName": "TEXT",
  "defaultValue": undefined,
  "description": "A string",
  "environmentVariable": "ENV_STRING",
  "kind": 3,
  "longName": "--string",
  "required": false,
  "shortName": "-s",
  "value": undefined,
  "values": undefined,
}
`;

exports[`CommandLineParameter parses an input with NO parameters 9`] = `
Object {
  "argumentName": "TEXT",
  "defaultValue": "123",
  "description": "A string with a default",
  "environmentVariable": "ENV_STRING2",
  "kind": 3,
  "longName": "--string-with-default",
  "required": false,
  "shortName": undefined,
  "value": "123",
  "values": undefined,
}
`;

exports[`CommandLineParameter parses an input with NO parameters 10`] = `
Object {
  "argumentName": "LIST_ITEM",
  "defaultValue": undefined,
  "description": "This parameter be specified multiple times to make a list of strings",
  "environmentVariable": "ENV_STRING_LIST",
  "kind": 4,
  "longName": "--string-list",
  "required": false,
  "shortName": "-l",
  "value": undefined,
  "values": Array [],
}
`;

exports[`CommandLineParameter parses an input with NO parameters 11`] = `
Array [
  "### --choice output: ###",
  "### --choice-with-default output: ###",
  "--choice-with-default",
  "default",
  "### --flag output: ###",
  "### --integer output: ###",
  "### --integer-with-default output: ###",
  "--integer-with-default",
  "123",
  "### --integer-required output: ###",
  "--integer-required",
  "123",
  "### --string output: ###",
  "### --string-with-default output: ###",
  "--string-with-default",
  "123",
  "### --string-with-undocumented-synonym output: ###",
  "### --string-list output: ###",
]
`;

exports[`CommandLineParameter parses each parameter from an environment variable 1`] = `
Array [
  "### --choice output: ###",
  "--choice",
  "one",
  "### --choice-with-default output: ###",
  "--choice-with-default",
  "two",
  "### --flag output: ###",
  "--flag",
  "### --integer output: ###",
  "--integer",
  "111",
  "### --integer-with-default output: ###",
  "--integer-with-default",
  "222",
  "### --integer-required output: ###",
  "--integer-required",
  "1",
  "### --string output: ###",
  "--string",
  "Hello, world!",
  "### --string-with-default output: ###",
  "--string-with-default",
  "Hello, world!",
  "### --string-with-undocumented-synonym output: ###",
  "### --string-list output: ###",
  "--string-list",
  "simple text",
  "### --json-string-list output: ###",
  "--json-string-list",
  "1",
  "--json-string-list",
  "true",
  "--json-string-list",
  "Hello, world!",
]
`;

exports[`CommandLineParameter prints the action help 1`] = `
"usage: example do:the-job [-h] [-c {one,two,three,default}]
                          [--choice-with-default {one,two,three,default}] [-f]
                          [-i NUMBER] [--integer-with-default NUMBER]
                          --integer-required NUMBER [-s TEXT]
                          [--string-with-default TEXT]
                          [--string-with-undocumented-synonym TEXT]
                          [-l LIST_ITEM]
                          

a longer description

Optional arguments:
  -h, --help            Show this help message and exit.
  -c {one,two,three,default}, --choice {one,two,three,default}
                        A choice. This parameter may alternatively be 
                        specified via the ENV_CHOICE environment variable.
  --choice-with-default {one,two,three,default}
                        A choice with a default. This description ends with a 
                        \\"quoted word\\". This parameter may alternatively be 
                        specified via the ENV_CHOICE2 environment variable. 
                        The default value is \\"default\\".
  -f, --flag            A flag. This parameter may alternatively be specified 
                        via the ENV_FLAG environment variable.
  -i NUMBER, --integer NUMBER
                        An integer. This parameter may alternatively be 
                        specified via the ENV_INTEGER environment variable.
  --integer-with-default NUMBER
                        An integer with a default. This parameter may 
                        alternatively be specified via the ENV_INTEGER2 
                        environment variable. The default value is 123.
  --integer-required NUMBER
                        An integer
  -s TEXT, --string TEXT
                        A string. This parameter may alternatively be 
                        specified via the ENV_STRING environment variable.
  --string-with-default TEXT
                        A string with a default. This parameter may 
                        alternatively be specified via the ENV_STRING2 
                        environment variable. The default value is \\"123\\".
  --string-with-undocumented-synonym TEXT
                        A string with an undocumented synonym
  -l LIST_ITEM, --string-list LIST_ITEM
                        This parameter be specified multiple times to make a 
                        list of strings. This parameter may alternatively be 
                        specified via the ENV_STRING_LIST environment 
                        variable.
"
`;

exports[`CommandLineParameter prints the global help 1`] = `
"usage: example [-h] [-g] <command> ...

An example project

Positional arguments:
  <command>
    do:the-job       does the job

Optional arguments:
  -h, --help         Show this help message and exit.
  -g, --global-flag  A flag that affects all actions

For detailed help about a specific command, use: example <command> -h
"
`;
